
════════════════════════════════════════════
📧 SMTP Configuration
════════════════════════════════════════════
   SMTP_HOST:        smtp-relay.brevo.com
   SMTP_PORT:        587
   SMTP_SECURE:      false
   SMTP_USER:        ad6b5c001@smtp-brevo.com
   SMTP_PASS:        xsmtpsib-7...
   SMTP_FROM:        Younovate Labs <preethikanaik2@gmail.com>
════════════════════════════════════════════

node:events:487
      throw er; // Unhandled 'error' event
      ^

Error: listen EADDRINUSE: address already in use :::8080
    at Server.setupListenHandle [as _listen2] (node:net:2167:16)
    at listenInCluster (node:net:2224:12)
    at Server.listen (node:net:2344:7)
    at Object.<anonymous> (c:\Users\Admin\lms\backend\src\server.js:144:8)
    at Module._compile (node:internal/modules/cjs/loader:1944:14)
    at Object..js (node:internal/modules/cjs/loader:2084:10)
    at Module.load (node:internal/modules/cjs/loader:1666:32)
    at Module._load (node:internal/modules/cjs/loader:1447:12)
    at wrapModuleLoad (node:internal/modules/cjs/loader:260:19)
    at Module.executeUserEntryPoint [as runMain] (node:internal/modules/run_main:154:5)
Emitted 'error' event on Server instance at:
    at emitErrorNT (node:net:2203:8)
    at process.processTicksAndRejections (node:internal/process/task_queues:90:21) {
  code: 'EADDRINUSE',
  errno: -4091,
  syscall: 'listen',
  address: '::',
  port: 8080
}

Node.js v26.4.0
